// Jest Snapshot v1, https://goo.gl/fbAQLP

exports[`Cascader.Search should correct render Cascader with same field name of label and value 1`] = `
<div
  class="rc-cascader rc-cascader-single rc-cascader-open rc-cascader-show-search"
>
  <div
    class="rc-cascader-selector"
  >
    <span
      class="rc-cascader-selection-search"
    >
      <input
        aria-autocomplete="list"
        aria-controls="rc_select_TEST_OR_SSR_list"
        aria-expanded="true"
        aria-haspopup="listbox"
        aria-owns="rc_select_TEST_OR_SSR_list"
        autocomplete="off"
        class="rc-cascader-selection-search-input"
        id="rc_select_TEST_OR_SSR"
        role="combobox"
        type="search"
        value="z"
      />
    </span>
    <span
      class="rc-cascader-selection-placeholder"
      style="visibility: hidden;"
    />
  </div>
  <div
    class="rc-cascader-dropdown rc-cascader-dropdown-placement-bottomLeft"
    style="--arrow-x: 0px; --arrow-y: 0px; left: -1000vw; top: -1000vh; box-sizing: border-box;"
  >
    <div>
      <div
        class="rc-cascader-menus"
      >
        <ul
          class="rc-cascader-menu"
          role="menu"
        >
          <li
            aria-checked="false"
            class="rc-cascader-menu-item"
            data-path-key="Zhejiang__RC_CASCADER_SPLIT__Hangzhou__RC_CASCADER_SPLIT__West Lake"
            role="menuitemcheckbox"
            title="Zhejiang / Hangzhou / West Lake"
          >
            <div
              class="rc-cascader-menu-item-content"
            >
              Zhejiang / Hangzhou / West Lake
            </div>
          </li>
          <li
            aria-checked="false"
            class="rc-cascader-menu-item rc-cascader-menu-item-disabled"
            data-path-key="Zhejiang__RC_CASCADER_SPLIT__Hangzhou__RC_CASCADER_SPLIT__Xia Sha"
            role="menuitemcheckbox"
            title="Zhejiang / Hangzhou / Xia Sha"
          >
            <div
              class="rc-cascader-menu-item-content"
            >
              Zhejiang / Hangzhou / Xia Sha
            </div>
          </li>
        </ul>
      </div>
    </div>
  </div>
</div>
`;
